  Determinando los proyectos que se van a restaurar...
C:\NexusQA\QACopilot\src\QACopilot.API\QACopilot.API.csproj : warning NU1903: Package 'Microsoft.OpenApi' 2.4.1 has a known high severity vulnerability, https://github.com/advisories/GHSA-v5pm-xwqc-g5wc
C:\NexusQA\QACopilot\src\QACopilot.Infrastructure\QACopilot.Infrastructure.csproj : warning NU1903: Package 'System.Security.Cryptography.Xml' 10.0.7 has a known high severity vulnerability, https://github.com/advisories/GHSA-23rf-6693-g89p [C:\NexusQA\QACopilot\src\QACopilot.API\QACopilot.API.csproj]
C:\NexusQA\QACopilot\src\QACopilot.Infrastructure\QACopilot.Infrastructure.csproj : warning NU1903: Package 'System.Security.Cryptography.Xml' 10.0.7 has a known high severity vulnerability, https://github.com/advisories/GHSA-8q5v-6pqq-x66h [C:\NexusQA\QACopilot\src\QACopilot.API\QACopilot.API.csproj]
C:\NexusQA\QACopilot\src\QACopilot.Infrastructure\QACopilot.Infrastructure.csproj : warning NU1903: Package 'System.Security.Cryptography.Xml' 10.0.7 has a known high severity vulnerability, https://github.com/advisories/GHSA-cvvh-rhrc-wg4q [C:\NexusQA\QACopilot\src\QACopilot.API\QACopilot.API.csproj]
C:\NexusQA\QACopilot\src\QACopilot.Infrastructure\QACopilot.Infrastructure.csproj : warning NU1903: Package 'System.Security.Cryptography.Xml' 10.0.7 has a known high severity vulnerability, https://github.com/advisories/GHSA-g8r8-53c2-pm3f [C:\NexusQA\QACopilot\src\QACopilot.API\QACopilot.API.csproj]
  Todos los proyectos están actualizados para la restauración.
C:\NexusQA\QACopilot\src\QACopilot.API\QACopilot.API.csproj : warning NU1903: Package 'Microsoft.OpenApi' 2.4.1 has a known high severity vulnerability, https://github.com/advisories/GHSA-v5pm-xwqc-g5wc
C:\NexusQA\QACopilot\src\QACopilot.Infrastructure\QACopilot.Infrastructure.csproj : warning NU1903: Package 'System.Security.Cryptography.Xml' 10.0.7 has a known high severity vulnerability, https://github.com/advisories/GHSA-23rf-6693-g89p
C:\NexusQA\QACopilot\src\QACopilot.Infrastructure\QACopilot.Infrastructure.csproj : warning NU1903: Package 'System.Security.Cryptography.Xml' 10.0.7 has a known high severity vulnerability, https://github.com/advisories/GHSA-8q5v-6pqq-x66h
C:\NexusQA\QACopilot\src\QACopilot.Infrastructure\QACopilot.Infrastructure.csproj : warning NU1903: Package 'System.Security.Cryptography.Xml' 10.0.7 has a known high severity vulnerability, https://github.com/advisories/GHSA-cvvh-rhrc-wg4q
C:\NexusQA\QACopilot\src\QACopilot.Infrastructure\QACopilot.Infrastructure.csproj : warning NU1903: Package 'System.Security.Cryptography.Xml' 10.0.7 has a known high severity vulnerability, https://github.com/advisories/GHSA-g8r8-53c2-pm3f
  QACopilot.Domain -> C:\NexusQA\QACopilot\src\QACopilot.Domain\bin\Debug\net10.0\QACopilot.Domain.dll
  QACopilot.Application -> C:\NexusQA\QACopilot\src\QACopilot.Application\bin\Debug\net10.0\QACopilot.Application.dll
C:\NexusQA\QACopilot\src\QACopilot.Infrastructure\Services\ChatService.cs(38,17): error CS0117: 'ChatSession' no contiene una definición para 'UpdatedAt' [C:\NexusQA\QACopilot\src\QACopilot.Infrastructure\QACopilot.Infrastructure.csproj]
C:\NexusQA\QACopilot\src\QACopilot.Infrastructure\Services\ChatService.cs(44,29): error CS1061: "ChatMessage" no contiene una definición para "CreatedAt" ni un método de extensión accesible "CreatedAt" que acepte un primer argumento del tipo "ChatMessage" (¿falta alguna directiva using o una referencia de ensamblado?) [C:\NexusQA\QACopilot\src\QACopilot.Infrastructure\QACopilot.Infrastructure.csproj]
C:\NexusQA\QACopilot\src\QACopilot.Infrastructure\Services\ChatService.cs(54,139): error CS0117: 'ChatMessage' no contiene una definición para 'CreatedAt' [C:\NexusQA\QACopilot\src\QACopilot.Infrastructure\QACopilot.Infrastructure.csproj]
C:\NexusQA\QACopilot\src\QACopilot.Infrastructure\Services\ChatService.cs(55,130): error CS0117: 'ChatMessage' no contiene una definición para 'CreatedAt' [C:\NexusQA\QACopilot\src\QACopilot.Infrastructure\QACopilot.Infrastructure.csproj]
C:\NexusQA\QACopilot\src\QACopilot.Infrastructure\Services\ChatService.cs(58,17): error CS1061: "ChatSession" no contiene una definición para "UpdatedAt" ni un método de extensión accesible "UpdatedAt" que acepte un primer argumento del tipo "ChatSession" (¿falta alguna directiva using o una referencia de ensamblado?) [C:\NexusQA\QACopilot\src\QACopilot.Infrastructure\QACopilot.Infrastructure.csproj]
C:\NexusQA\QACopilot\src\QACopilot.Infrastructure\Services\ChatService.cs(61,61): error CS0117: 'ChatResponseDto' no contiene una definición para 'Message' [C:\NexusQA\QACopilot\src\QACopilot.Infrastructure\QACopilot.Infrastructure.csproj]
C:\NexusQA\QACopilot\src\QACopilot.Infrastructure\Services\ChatService.cs(61,81): error CS0117: 'ChatResponseDto' no contiene una definición para 'CreatedAt' [C:\NexusQA\QACopilot\src\QACopilot.Infrastructure\QACopilot.Infrastructure.csproj]
C:\NexusQA\QACopilot\src\QACopilot.Infrastructure\Services\ChatService.cs(61,106): error CS1061: "ChatMessage" no contiene una definición para "CreatedAt" ni un método de extensión accesible "CreatedAt" que acepte un primer argumento del tipo "ChatMessage" (¿falta alguna directiva using o una referencia de ensamblado?) [C:\NexusQA\QACopilot\src\QACopilot.Infrastructure\QACopilot.Infrastructure.csproj]
C:\NexusQA\QACopilot\src\QACopilot.Infrastructure\Services\ChatService.cs(68,29): error CS1061: "ChatMessage" no contiene una definición para "CreatedAt" ni un método de extensión accesible "CreatedAt" que acepte un primer argumento del tipo "ChatMessage" (¿falta alguna directiva using o una referencia de ensamblado?) [C:\NexusQA\QACopilot\src\QACopilot.Infrastructure\QACopilot.Infrastructure.csproj]
C:\NexusQA\QACopilot\src\QACopilot.Infrastructure\Services\ChatService.cs(69,94): error CS0117: 'ChatMessageDto' no contiene una definición para 'CreatedAt' [C:\NexusQA\QACopilot\src\QACopilot.Infrastructure\QACopilot.Infrastructure.csproj]
C:\NexusQA\QACopilot\src\QACopilot.Infrastructure\Services\ChatService.cs(77,39): error CS1061: "ChatSession" no contiene una definición para "UpdatedAt" ni un método de extensión accesible "UpdatedAt" que acepte un primer argumento del tipo "ChatSession" (¿falta alguna directiva using o una referencia de ensamblado?) [C:\NexusQA\QACopilot\src\QACopilot.Infrastructure\QACopilot.Infrastructure.csproj]
C:\NexusQA\QACopilot\src\QACopilot.Infrastructure\Services\ChatService.cs(78,66): error CS0117: 'ChatResponseDto' no contiene una definición para 'Message' [C:\NexusQA\QACopilot\src\QACopilot.Infrastructure\QACopilot.Infrastructure.csproj]
C:\NexusQA\QACopilot\src\QACopilot.Infrastructure\Services\ChatService.cs(78,103): error CS0117: 'ChatResponseDto' no contiene una definición para 'CreatedAt' [C:\NexusQA\QACopilot\src\QACopilot.Infrastructure\QACopilot.Infrastructure.csproj]
C:\NexusQA\QACopilot\src\QACopilot.Infrastructure\Services\ReportService.cs(92,31): warning CS8601: Posible asignación de referencia nula. [C:\NexusQA\QACopilot\src\QACopilot.Infrastructure\QACopilot.Infrastructure.csproj]
C:\NexusQA\QACopilot\src\QACopilot.Infrastructure\Services\ReportService.cs(93,30): warning CS8601: Posible asignación de referencia nula. [C:\NexusQA\QACopilot\src\QACopilot.Infrastructure\QACopilot.Infrastructure.csproj]
C:\NexusQA\QACopilot\src\QACopilot.Infrastructure\Services\ReportService.cs(94,27): warning CS8601: Posible asignación de referencia nula. [C:\NexusQA\QACopilot\src\QACopilot.Infrastructure\QACopilot.Infrastructure.csproj]
C:\NexusQA\QACopilot\src\QACopilot.Infrastructure\Services\ReportService.cs(95,26): warning CS8601: Posible asignación de referencia nula. [C:\NexusQA\QACopilot\src\QACopilot.Infrastructure\QACopilot.Infrastructure.csproj]

ERROR al compilar.

C:\NexusQA\QACopilot\src\QACopilot.API\QACopilot.API.csproj : warning NU1903: Package 'Microsoft.OpenApi' 2.4.1 has a known high severity vulnerability, https://github.com/advisories/GHSA-v5pm-xwqc-g5wc
C:\NexusQA\QACopilot\src\QACopilot.Infrastructure\QACopilot.Infrastructure.csproj : warning NU1903: Package 'System.Security.Cryptography.Xml' 10.0.7 has a known high severity vulnerability, https://github.com/advisories/GHSA-23rf-6693-g89p [C:\NexusQA\QACopilot\src\QACopilot.API\QACopilot.API.csproj]
C:\NexusQA\QACopilot\src\QACopilot.Infrastructure\QACopilot.Infrastructure.csproj : warning NU1903: Package 'System.Security.Cryptography.Xml' 10.0.7 has a known high severity vulnerability, https://github.com/advisories/GHSA-8q5v-6pqq-x66h [C:\NexusQA\QACopilot\src\QACopilot.API\QACopilot.API.csproj]
C:\NexusQA\QACopilot\src\QACopilot.Infrastructure\QACopilot.Infrastructure.csproj : warning NU1903: Package 'System.Security.Cryptography.Xml' 10.0.7 has a known high severity vulnerability, https://github.com/advisories/GHSA-cvvh-rhrc-wg4q [C:\NexusQA\QACopilot\src\QACopilot.API\QACopilot.API.csproj]
C:\NexusQA\QACopilot\src\QACopilot.Infrastructure\QACopilot.Infrastructure.csproj : warning NU1903: Package 'System.Security.Cryptography.Xml' 10.0.7 has a known high severity vulnerability, https://github.com/advisories/GHSA-g8r8-53c2-pm3f [C:\NexusQA\QACopilot\src\QACopilot.API\QACopilot.API.csproj]
C:\NexusQA\QACopilot\src\QACopilot.API\QACopilot.API.csproj : warning NU1903: Package 'Microsoft.OpenApi' 2.4.1 has a known high severity vulnerability, https://github.com/advisories/GHSA-v5pm-xwqc-g5wc
C:\NexusQA\QACopilot\src\QACopilot.Infrastructure\QACopilot.Infrastructure.csproj : warning NU1903: Package 'System.Security.Cryptography.Xml' 10.0.7 has a known high severity vulnerability, https://github.com/advisories/GHSA-23rf-6693-g89p
C:\NexusQA\QACopilot\src\QACopilot.Infrastructure\QACopilot.Infrastructure.csproj : warning NU1903: Package 'System.Security.Cryptography.Xml' 10.0.7 has a known high severity vulnerability, https://github.com/advisories/GHSA-8q5v-6pqq-x66h
C:\NexusQA\QACopilot\src\QACopilot.Infrastructure\QACopilot.Infrastructure.csproj : warning NU1903: Package 'System.Security.Cryptography.Xml' 10.0.7 has a known high severity vulnerability, https://github.com/advisories/GHSA-cvvh-rhrc-wg4q
C:\NexusQA\QACopilot\src\QACopilot.Infrastructure\QACopilot.Infrastructure.csproj : warning NU1903: Package 'System.Security.Cryptography.Xml' 10.0.7 has a known high severity vulnerability, https://github.com/advisories/GHSA-g8r8-53c2-pm3f
C:\NexusQA\QACopilot\src\QACopilot.Infrastructure\Services\ReportService.cs(92,31): warning CS8601: Posible asignación de referencia nula. [C:\NexusQA\QACopilot\src\QACopilot.Infrastructure\QACopilot.Infrastructure.csproj]
C:\NexusQA\QACopilot\src\QACopilot.Infrastructure\Services\ReportService.cs(93,30): warning CS8601: Posible asignación de referencia nula. [C:\NexusQA\QACopilot\src\QACopilot.Infrastructure\QACopilot.Infrastructure.csproj]
C:\NexusQA\QACopilot\src\QACopilot.Infrastructure\Services\ReportService.cs(94,27): warning CS8601: Posible asignación de referencia nula. [C:\NexusQA\QACopilot\src\QACopilot.Infrastructure\QACopilot.Infrastructure.csproj]
C:\NexusQA\QACopilot\src\QACopilot.Infrastructure\Services\ReportService.cs(95,26): warning CS8601: Posible asignación de referencia nula. [C:\NexusQA\QACopilot\src\QACopilot.Infrastructure\QACopilot.Infrastructure.csproj]
C:\NexusQA\QACopilot\src\QACopilot.Infrastructure\Services\ChatService.cs(38,17): error CS0117: 'ChatSession' no contiene una definición para 'UpdatedAt' [C:\NexusQA\QACopilot\src\QACopilot.Infrastructure\QACopilot.Infrastructure.csproj]
C:\NexusQA\QACopilot\src\QACopilot.Infrastructure\Services\ChatService.cs(44,29): error CS1061: "ChatMessage" no contiene una definición para "CreatedAt" ni un método de extensión accesible "CreatedAt" que acepte un primer argumento del tipo "ChatMessage" (¿falta alguna directiva using o una referencia de ensamblado?) [C:\NexusQA\QACopilot\src\QACopilot.Infrastructure\QACopilot.Infrastructure.csproj]
C:\NexusQA\QACopilot\src\QACopilot.Infrastructure\Services\ChatService.cs(54,139): error CS0117: 'ChatMessage' no contiene una definición para 'CreatedAt' [C:\NexusQA\QACopilot\src\QACopilot.Infrastructure\QACopilot.Infrastructure.csproj]
C:\NexusQA\QACopilot\src\QACopilot.Infrastructure\Services\ChatService.cs(55,130): error CS0117: 'ChatMessage' no contiene una definición para 'CreatedAt' [C:\NexusQA\QACopilot\src\QACopilot.Infrastructure\QACopilot.Infrastructure.csproj]
C:\NexusQA\QACopilot\src\QACopilot.Infrastructure\Services\ChatService.cs(58,17): error CS1061: "ChatSession" no contiene una definición para "UpdatedAt" ni un método de extensión accesible "UpdatedAt" que acepte un primer argumento del tipo "ChatSession" (¿falta alguna directiva using o una referencia de ensamblado?) [C:\NexusQA\QACopilot\src\QACopilot.Infrastructure\QACopilot.Infrastructure.csproj]
C:\NexusQA\QACopilot\src\QACopilot.Infrastructure\Services\ChatService.cs(61,61): error CS0117: 'ChatResponseDto' no contiene una definición para 'Message' [C:\NexusQA\QACopilot\src\QACopilot.Infrastructure\QACopilot.Infrastructure.csproj]
C:\NexusQA\QACopilot\src\QACopilot.Infrastructure\Services\ChatService.cs(61,81): error CS0117: 'ChatResponseDto' no contiene una definición para 'CreatedAt' [C:\NexusQA\QACopilot\src\QACopilot.Infrastructure\QACopilot.Infrastructure.csproj]
C:\NexusQA\QACopilot\src\QACopilot.Infrastructure\Services\ChatService.cs(61,106): error CS1061: "ChatMessage" no contiene una definición para "CreatedAt" ni un método de extensión accesible "CreatedAt" que acepte un primer argumento del tipo "ChatMessage" (¿falta alguna directiva using o una referencia de ensamblado?) [C:\NexusQA\QACopilot\src\QACopilot.Infrastructure\QACopilot.Infrastructure.csproj]
C:\NexusQA\QACopilot\src\QACopilot.Infrastructure\Services\ChatService.cs(68,29): error CS1061: "ChatMessage" no contiene una definición para "CreatedAt" ni un método de extensión accesible "CreatedAt" que acepte un primer argumento del tipo "ChatMessage" (¿falta alguna directiva using o una referencia de ensamblado?) [C:\NexusQA\QACopilot\src\QACopilot.Infrastructure\QACopilot.Infrastructure.csproj]
C:\NexusQA\QACopilot\src\QACopilot.Infrastructure\Services\ChatService.cs(69,94): error CS0117: 'ChatMessageDto' no contiene una definición para 'CreatedAt' [C:\NexusQA\QACopilot\src\QACopilot.Infrastructure\QACopilot.Infrastructure.csproj]
C:\NexusQA\QACopilot\src\QACopilot.Infrastructure\Services\ChatService.cs(77,39): error CS1061: "ChatSession" no contiene una definición para "UpdatedAt" ni un método de extensión accesible "UpdatedAt" que acepte un primer argumento del tipo "ChatSession" (¿falta alguna directiva using o una referencia de ensamblado?) [C:\NexusQA\QACopilot\src\QACopilot.Infrastructure\QACopilot.Infrastructure.csproj]
C:\NexusQA\QACopilot\src\QACopilot.Infrastructure\Services\ChatService.cs(78,66): error CS0117: 'ChatResponseDto' no contiene una definición para 'Message' [C:\NexusQA\QACopilot\src\QACopilot.Infrastructure\QACopilot.Infrastructure.csproj]
C:\NexusQA\QACopilot\src\QACopilot.Infrastructure\Services\ChatService.cs(78,103): error CS0117: 'ChatResponseDto' no contiene una definición para 'CreatedAt' [C:\NexusQA\QACopilot\src\QACopilot.Infrastructure\QACopilot.Infrastructure.csproj]
    14 Advertencia(s)
    13 Errores

Tiempo transcurrido 00:00:08.90
